// Jest Snapshot v1, https://goo.gl/fbAQLP

exports[`TEST validations Should add todo 1`] = `
Object {
  "completed": false,
  "title": "todo 1",
  "userId": "1",
}
`;
